
> Task :compileJava FAILED
./gradlew : Error: Cou
ld not find or load ma
in class worker.org.gr
adle.process.internal.
worker.GradleWorkerMai
n
위치 줄:1 문자:1
+ ./gradlew test --tes
ts "hello.wsd.domain.r
eview.controller.Revie
wCont ...
+ ~~~~~~~~~~~~~~~~~~~~
~~~~~~~~~~~~~~~~~~~~~~
~~~~~~~~~~~~~~~~~~~~~~
~~~~~
    + CategoryInfo    
          : NotSpecifi
ed    : (Error: Could 
no.    ..radleWorkerMa
in:S    tring) [], Rem
oteEx    ception
    + FullyQualifiedEr
r    orId : NativeComm
an    dError
 
Caused by: java.lang.C
lassNotFoundException:
 worker.org.gradle.pro
cess.internal.worker.G
radleWorkerMain

FAILURE: Build failed 
with an exception.

* What went wrong:
Execution failed for t
ask ':compileJava'.
> Failed to run Gradle
 Worker Daemon
   > Process 'Gradle W
orker Daemon 3' finish
ed with non-zero exit 
value 1

* Try:
> Run with --stacktrac
e option to get the st
ack trace.
> Run with --info or -
-debug option to get m
ore log output.
> Run with --scan to g
enerate a Build Scan (
powered by Develocity)
.
> Get more help at htt
ps://help.gradle.org.

BUILD FAILED in 2s
1 actionable task: 1 executed
